[tradelab-deepbt] mounted
[market-octo] mounted
[market-macro] mounted
[market-feed] mounted
[legacy-tools] mounted
[hooks-tools] mounted
[carry-system] mounted
[signal-gate] mounted
[funding-desk] mounted
[tradelab-backtest] mounted
[alerts] background checker started
server listening on 4020
/bin/sh: line 22: setsid: command not found
[tradelab-deepbt] mounted
[market-octo] mounted
[market-macro] mounted
[market-feed] mounted
[legacy-tools] mounted
[hooks-tools] mounted
[carry-system] mounted
[signal-gate] mounted
[funding-desk] mounted
[tradelab-backtest] mounted
[alerts] background checker started
server listening on 4020
/bin/sh: line 16: setsid: command not found
nohup: node: No such file or directory
nohup: node: No such file or directory
/bin/sh: line 4: setsid: command not found
nohup: node: No such file or directory
/bin/sh: line 21: setsid: command not found
nohup: node: No such file or directory
/bin/sh: line 3: setsid: command not found
nohup: node: No such file or directory
/bin/sh: line 3: setsid: command not found
tools/ensure-server.sh: line 8: setsid: command not found
nohup: node: No such file or directory
nohup: node: No such file or directory
tools/ensure-server.sh: line 8: setsid: command not found
nohup: node: No such file or directory
[tradelab-deepbt] mounted
[market-octo] mounted
[market-macro] mounted
[market-feed] mounted
[legacy-tools] mounted
[hooks-tools] mounted
[carry-system] mounted
[signal-gate] mounted
[funding-desk] mounted
[tradelab-backtest] mounted
[alerts] background checker started
server listening on 4020
[tradelab-deepbt] mounted
[market-octo] mounted
[market-macro] mounted
[market-feed] mounted
[legacy-tools] mounted
[hooks-tools] mounted
[carry-system] mounted
[signal-gate] mounted
[funding-desk] mounted
[tradelab-backtest] mounted
[alerts] background checker started
server listening on 4020
[tradelab-deepbt] mounted
[market-octo] mounted
[market-macro] mounted
[market-feed] mounted
[legacy-tools] mounted
[hooks-tools] mounted
[carry-system] mounted
[signal-gate] mounted
[funding-desk] mounted
[tradelab-backtest] mounted
[alerts] background checker started
server listening on 4020
[tradelab-deepbt] mounted
[market-octo] mounted
[market-macro] mounted
[market-feed] mounted
[legacy-tools] mounted
[hooks-tools] mounted
[carry-system] mounted
[signal-gate] mounted
[funding-desk] mounted
[tradelab-backtest] mounted
[alerts] background checker started
server listening on 4020
[tradelab-deepbt] mounted
[market-octo] mounted
[market-macro] mounted
[market-feed] mounted
[legacy-tools] mounted
[hooks-tools] mounted
[carry-system] mounted
[signal-gate] mounted
[funding-desk] mounted
[tradelab-backtest] mounted
[alerts] background checker started
server listening on 4020
