2026-08-23T15:17:08Z INF Thank you for trying Cloudflare Tunnel. Doing so, without a Cloudflare account, is a quick way to experiment and try it out. However, be aware that these account-less Tunnels have no uptime guarantee, are subject to the Cloudflare Online Services Terms of Use (https://www.cloudflare.com/website-terms/), and Cloudflare reserves the right to investigate your use of Tunnels for violations of such terms. If you intend to use Tunnels in production you should use a pre-created named tunnel by following: https://developers.cloudflare.com/cloudflare-one/connections/connect-apps
2026-08-23T15:17:08Z INF Requesting new quick Tunnel on trycloudflare.com...
2026-08-23T15:17:13Z INF +--------------------------------------------------------------------------------------------+
2026-08-23T15:17:13Z INF |  Your quick Tunnel has been created! Visit it at (it may take some time to be reachable):  |
2026-08-23T15:17:13Z INF |  https://copyright-sperm-dreams-considerations.trycloudflare.com                           |
2026-08-23T15:17:13Z INF +--------------------------------------------------------------------------------------------+
2026-08-23T15:17:13Z INF Cannot determine default configuration path. No file [config.yml config.yaml] in [~/.cloudflared ~/.cloudflare-warp ~/cloudflare-warp /etc/cloudflared /usr/local/etc/cloudflared]
2026-08-23T15:17:13Z INF Version 2026.8.2 (Checksum REDACTED_HEX)
2026-08-23T15:17:13Z INF GOOS: darwin, GOVersion: go1.26.2, GoArch: arm64
2026-08-23T15:17:13Z INF Settings: map[ha-connections:1 protocol:quic url:http://localhost:4020]
2026-08-23T15:17:13Z INF Autoupdate frequency is set autoupdateFreq=86400000
2026-08-23T15:17:13Z INF Generated Connector ID: 36bf3a75-a5a0-4b43-b781-7b7442cbe314
2026-08-23T15:17:13Z INF Initial protocol quic
2026-08-23T15:17:13Z INF ICMP proxy will use 192.168.1.27 as source for IPv4
2026-08-23T15:17:13Z INF ICMP proxy will use fe80::1c13:c702:f9a8:ba84 in zone en0 as source for IPv6
2026-08-23T15:17:13Z INF Created ICMP proxy listening on 192.168.1.27:0
2026-08-23T15:17:13Z INF ICMP proxy will use 192.168.1.27 as source for IPv4
2026-08-23T15:17:13Z INF ICMP proxy will use fe80::1c13:c702:f9a8:ba84 in zone en0 as source for IPv6
2026-08-23T15:17:13Z INF Starting metrics server on 127.0.0.1:20241/metrics
2026-08-23T15:17:13Z INF Tunnel connection curve preferences: [X25519MLKEM768 CurveID(65074) CurveP256] connIndex=0 event=0 ip=2606:4700:a0::4
2026-08-23T15:17:13Z INF +-------------------------------------------------------------------------------------+
2026-08-23T15:17:13Z INF |                               CONNECTIVITY PRE-CHECKS                               |
2026-08-23T15:17:13Z INF +-------------------------------------------------------------------------------------+
2026-08-23T15:17:13Z INF |  COMPONENT         TARGET                     STATUS  DETAILS                       |
2026-08-23T15:17:13Z INF |  DNS Resolution    region1.v2.argotunnel.com  PASS    DNS Resolved successfully     |
2026-08-23T15:17:13Z INF |  DNS Resolution    region2.v2.argotunnel.com  PASS    DNS Resolved successfully     |
2026-08-23T15:17:13Z INF |  UDP Connectivity  region1.v2.argotunnel.com  PASS    QUIC connection successful    |
2026-08-23T15:17:13Z INF |  UDP Connectivity  region2.v2.argotunnel.com  PASS    QUIC connection successful    |
2026-08-23T15:17:13Z INF |  TCP Connectivity  region1.v2.argotunnel.com  PASS    HTTP/2 connection successful  |
2026-08-23T15:17:13Z INF |  TCP Connectivity  region2.v2.argotunnel.com  PASS    HTTP/2 connection successful  |
2026-08-23T15:17:13Z INF |  Cloudflare API    api.cloudflare.com:443     PASS    API is reachable              |
2026-08-23T15:17:13Z INF |                                                                                     |
2026-08-23T15:17:13Z INF |  SUMMARY: Environment is healthy. cloudflared will use 'quic' as primary protocol.  |
2026-08-23T15:17:13Z INF +-------------------------------------------------------------------------------------+
2026-08-23T15:17:13Z INF precheck component="DNS Resolution" details="DNS Resolved successfully" run_id=0ca1fa4a-7834-49cf-8b90-df49925d010a status=pass target=region1.v2.argotunnel.com
2026-08-23T15:17:13Z INF precheck component="DNS Resolution" details="DNS Resolved successfully" run_id=0ca1fa4a-7834-49cf-8b90-df49925d010a status=pass target=region2.v2.argotunnel.com
2026-08-23T15:17:13Z INF precheck component="UDP Connectivity" details="QUIC connection successful" run_id=0ca1fa4a-7834-49cf-8b90-df49925d010a status=pass target=region1.v2.argotunnel.com
2026-08-23T15:17:13Z INF precheck component="UDP Connectivity" details="QUIC connection successful" run_id=0ca1fa4a-7834-49cf-8b90-df49925d010a status=pass target=region2.v2.argotunnel.com
2026-08-23T15:17:13Z INF precheck component="TCP Connectivity" details="HTTP/2 connection successful" run_id=0ca1fa4a-7834-49cf-8b90-df49925d010a status=pass target=region1.v2.argotunnel.com
2026-08-23T15:17:13Z INF precheck component="TCP Connectivity" details="HTTP/2 connection successful" run_id=0ca1fa4a-7834-49cf-8b90-df49925d010a status=pass target=region2.v2.argotunnel.com
2026-08-23T15:17:13Z INF precheck component="Cloudflare API" details="API is reachable" run_id=0ca1fa4a-7834-49cf-8b90-df49925d010a status=pass target=api.cloudflare.com:443
2026-08-23T15:17:13Z INF precheck complete hard_fail=false run_id=0ca1fa4a-7834-49cf-8b90-df49925d010a suggested_protocol=quic
2026-08-23T15:17:14Z INF Registered tunnel connection connIndex=0 connection=ba685419-858d-496a-81d9-a5fcfd73741e event=0 ip=2606:4700:a0::4 location=cdg08 protocol=quic
2026-08-23T15:23:41Z INF Initiating graceful shutdown due to signal terminated ...
